{"logTime": "0519/171806", "correlationVector":"DNkFClF+3YrvHlamH++epp.1","action":"SyncServerConnectionManagerRequest", "result":"SYNC_SERVER_OK", "context":{"environment":"Prod_southeastasia_prod-s01-064-apac-southeastasia", "migrationStage":"NotStarted", "server":"akswtt00000001q"}}
{"logTime": "0519/171806", "correlationVector":"DNkFClF+3YrvHlamH++epp.2","action":"ProcessGetUpdates", "result":"Done", "context":{"dataType":"Encryption Keys", "deleted":"0", "process_failed_to_decrypt":"0", "process_pending_decryption":"0", "process_success":"1", "total":"1"}}
{"logTime": "0519/171807", "correlationVector":"sAuibPDE8dOh6JERo7xFHg","action":"SyncServerConnectionManagerRequest", "result":"SYNC_SERVER_OK", "context":{"environment":"", "migrationStage":"", "server":""}}
{"logTime": "0519/171807", "correlationVector":"sAuibPDE8dOh6JERo7xFHg.0","action":"EncryptionKeysFetcher.DownloadKeys:", "result":"Success", "context":Key count: 2, Last key timestamp: 2026-05-19T17:16:48Z}
{"logTime": "0519/171807", "correlationVector":"sAuibPDE8dOh6JERo7xFHg.1","action":"EncryptionKeysManager::SetEncryptionKeys:", "result":"Success", "context":Key names[2]:[rYiFaUKvYfC378CbQvoofj35FlUQ5u+TNyAn3YR6C/86kprnaxkJ3fxw+Nc5dhR5qEZG7B0HGuIJI5z6y4idug==][R/Hd5W7dFrmXMtL4nneDhFeGngymeV+FDVyA2QlvQbbBBXxyv/dFS5WEUwwTl3dTm5LVwAFRQ0SZ7tXfh7RsNA==]}
{"logTime": "0519/171807", "correlationVector":"sAuibPDE8dOh6JERo7xFHg.2","action":"EncryptionKeysManager::SetEncryptionKeysWithTimestamps:", "result":"Success", "context":Key timestamps[2]:[2025-10-07T16:35:34Z][2026-05-19T17:16:48Z]}
{"logTime": "0519/171807", "correlationVector":"DNkFClF+3YrvHlamH++epp","action":"Initial GetUpdates", "result":"", "context":Reason: NEW_CLIENT. cV=DNkFClF+3YrvHlamH++epp}
{"logTime": "0519/171807", "correlationVector":"DNkFClF+3YrvHlamH++epp.3","action":"GetUpdates Response", "result":"Success", "context":Received 1 update(s). cV=DNkFClF+3YrvHlamH++epp.0;server=akswtt00000001q;cloudType=Consumer;environment=Prod_southeastasia_prod-s01-064-apac-southeastasia;migrationStage=NotStarted}
{"logTime": "0519/171807", "correlationVector":"kGaKG6RdF/OFuz1NJ5OOMQ","action":"Initial GetUpdates", "result":"", "context":Reason: NEWLY_SUPPORTED_DATATYPE. cV=kGaKG6RdF/OFuz1NJ5OOMQ}
{"logTime": "0519/171807", "correlationVector":"kGaKG6RdF/OFuz1NJ5OOMQ.1","action":"SyncServerConnectionManagerRequest", "result":"SYNC_SERVER_OK", "context":{"environment":"Prod_southeastasia_prod-s01-064-apac-southeastasia", "migrationStage":"NotStarted", "server":"akswtt00000000m"}}
{"logTime": "0519/171807", "correlationVector":"kGaKG6RdF/OFuz1NJ5OOMQ.2","action":"ProcessGetUpdates", "result":"Done", "context":{"dataType":"Preferences", "deleted":"0", "process_failed_to_decrypt":"0", "process_pending_decryption":"0", "process_success":"37", "total":"37"}}
{"logTime": "0519/171807", "correlationVector":"kGaKG6RdF/OFuz1NJ5OOMQ.3","action":"ProcessGetUpdates", "result":"Done", "context":{"dataType":"Device Info", "deleted":"0", "process_failed_to_decrypt":"0", "process_pending_decryption":"0", "process_success":"5", "total":"5"}}
{"logTime": "0519/171807", "correlationVector":"kGaKG6RdF/OFuz1NJ5OOMQ.4","action":"GetUpdates Response", "result":"Success", "context":Received 42 update(s). cV=kGaKG6RdF/OFuz1NJ5OOMQ.0;server=akswtt00000000m;cloudType=Consumer;environment=Prod_southeastasia_prod-s01-064-apac-southeastasia;migrationStage=NotStarted}
{"logTime": "0519/171807", "correlationVector":"DIUA17E8r6UwGFqyY/k+y0","action":"Initial GetUpdates", "result":"", "context":Reason: NEWLY_SUPPORTED_DATATYPE. cV=DIUA17E8r6UwGFqyY/k+y0}
{"logTime": "0519/171808", "correlationVector":"DIUA17E8r6UwGFqyY/k+y0.1","action":"SyncServerConnectionManagerRequest", "result":"SYNC_SERVER_OK", "context":{"environment":"Prod_southeastasia_prod-s01-064-apac-southeastasia", "migrationStage":"NotStarted", "server":"akswtt000000011"}}
{"logTime": "0519/171808", "correlationVector":"DIUA17E8r6UwGFqyY/k+y0.2","action":"ProcessGetUpdates", "result":"Done", "context":{"dataType":"Bookmarks", "deleted":"0", "process_failed_to_decrypt":"0", "process_pending_decryption":"0", "process_success":"7", "total":"7"}}
{"logTime": "0519/171808", "correlationVector":"DIUA17E8r6UwGFqyY/k+y0.3","action":"GetUpdates Response", "result":"Success", "context":Received 7 update(s). cV=DIUA17E8r6UwGFqyY/k+y0.0;server=akswtt000000011;cloudType=Consumer;environment=Prod_southeastasia_prod-s01-064-apac-southeastasia;migrationStage=NotStarted}
{"logTime": "0519/171808", "correlationVector":"+jX8XpJdNQLevDzR95dQWn","action":"Initial GetUpdates", "result":"", "context":Reason: NEWLY_SUPPORTED_DATATYPE. cV=+jX8XpJdNQLevDzR95dQWn}
{"logTime": "0519/171808", "correlationVector":"+jX8XpJdNQLevDzR95dQWn.1","action":"SyncServerConnectionManagerRequest", "result":"SYNC_SERVER_OK", "context":{"environment":"Prod_southeastasia_prod-s01-064-apac-southeastasia", "migrationStage":"NotStarted", "server":"akswtt00000001t"}}
{"logTime": "0519/171808", "correlationVector":"+jX8XpJdNQLevDzR95dQWn.2","action":"ProcessGetUpdates", "result":"Done", "context":{"dataType":"Autofill Profiles", "deleted":"0", "process_failed_to_decrypt":"0", "process_pending_decryption":"0", "process_success":"3", "total":"3"}}
{"logTime": "0519/171808", "correlationVector":"+jX8XpJdNQLevDzR95dQWn.3","action":"ProcessGetUpdates", "result":"Done", "context":{"dataType":"Autofill", "deleted":"0", "process_failed_to_decrypt":"0", "process_pending_decryption":"0", "process_success":"32", "total":"32"}}
{"logTime": "0519/171808", "correlationVector":"+jX8XpJdNQLevDzR95dQWn.4","action":"ProcessGetUpdates", "result":"Done", "context":{"dataType":"Extensions", "deleted":"0", "process_failed_to_decrypt":"0", "process_pending_decryption":"0", "process_success":"2", "total":"2"}}
{"logTime": "0519/171808", "correlationVector":"+jX8XpJdNQLevDzR95dQWn.5","action":"ProcessGetUpdates", "result":"Done", "context":{"dataType":"Extension settings", "deleted":"0", "process_failed_to_decrypt":"0", "process_pending_decryption":"0", "process_success":"2", "total":"2"}}
{"logTime": "0519/171808", "correlationVector":"+jX8XpJdNQLevDzR95dQWn.6","action":"GetUpdates Response", "result":"Success", "context":Received 39 update(s). cV=+jX8XpJdNQLevDzR95dQWn.0;server=akswtt00000001t;cloudType=Consumer;environment=Prod_southeastasia_prod-s01-064-apac-southeastasia;migrationStage=NotStarted}
{"logTime": "0519/171808", "correlationVector":"9jwoDrWL54g+A+rRmsIZws","action":"Initial GetUpdates", "result":"", "context":Reason: NEWLY_SUPPORTED_DATATYPE. cV=9jwoDrWL54g+A+rRmsIZws}
{"logTime": "0519/171809", "correlationVector":"9jwoDrWL54g+A+rRmsIZws.1","action":"SyncServerConnectionManagerRequest", "result":"SYNC_SERVER_OK", "context":{"environment":"Prod_southeastasia_prod-s01-064-apac-southeastasia", "migrationStage":"NotStarted", "server":"akswtt00000000p"}}
{"logTime": "0519/171809", "correlationVector":"9jwoDrWL54g+A+rRmsIZws.2","action":"GetUpdates Response", "result":"Success", "context":Received 0 update(s). cV=9jwoDrWL54g+A+rRmsIZws.0;server=akswtt00000000p;cloudType=Consumer;environment=Prod_southeastasia_prod-s01-064-apac-southeastasia;migrationStage=NotStarted}
{"logTime": "0519/171809", "correlationVector":"R6s00PcpFiSR9f8v+c4Lt8","action":"Normal GetUpdate request", "result":"", "context":cV=R6s00PcpFiSR9f8v+c4Lt8
Nudged types: Bookmarks, Preferences, Sessions, Device Info, User Consents
Refresh requested types: Bookmarks, Preferences, Passwords, Autofill Profiles, Autofill, Extensions, Sessions, Extension settings, History Delete Directives, Device Info, User Consents, Send Tab To Self, Web Apps, History, Saved Tab Group, WebAuthn Credentials, Collection, Edge E Drop, Edge Hub App Usage, Edge Wallet, Edge Workspace, Encryption Keys}
{"logTime": "0519/171810", "correlationVector":"R6s00PcpFiSR9f8v+c4Lt8.1","action":"SyncServerConnectionManagerRequest", "result":"SYNC_SERVER_OK", "context":{"environment":"Prod_southeastasia_prod-s01-064-apac-southeastasia", "migrationStage":"NotStarted", "server":"akswtt00000001c"}}
{"logTime": "0519/171810", "correlationVector":"R6s00PcpFiSR9f8v+c4Lt8.2","action":"GetUpdates Response", "result":"Success", "context":Received 0 update(s). cV=R6s00PcpFiSR9f8v+c4Lt8.0;server=akswtt00000001c;cloudType=Consumer;environment=Prod_southeastasia_prod-s01-064-apac-southeastasia;migrationStage=NotStarted}
{"logTime": "0519/171810", "correlationVector":"/JWspGsz08oJQmIQs1fQ/1","action":"Commit Request", "result":"", "context":Item count: 22
Contributing types: Bookmarks, Preferences, Sessions, Device Info, User Consents}
{"logTime": "0519/171817", "correlationVector":"/JWspGsz08oJQmIQs1fQ/1.1","action":"SyncServerConnectionManagerRequest", "result":"SYNC_SERVER_OK", "context":{"environment":"Prod_southeastasia_prod-s01-064-apac-southeastasia", "migrationStage":"NotStarted", "server":"akswtt00000000l"}}
{"logTime": "0519/171817", "correlationVector":"/JWspGsz08oJQmIQs1fQ/1.2","action":"Commit Response", "result":"Success", "context":Result: Success. cV=/JWspGsz08oJQmIQs1fQ/1.0;server=akswtt00000000l;cloudType=Consumer;environment=Prod_southeastasia_prod-s01-064-apac-southeastasia;migrationStage=NotStarted}
{"logTime": "0519/171817", "correlationVector":"vNkarCnykSzh0Ne+1lcK3r","action":"Commit Request", "result":"", "context":Item count: 3
Contributing types: Sessions, History}
{"logTime": "0519/171819", "correlationVector":"vNkarCnykSzh0Ne+1lcK3r.1","action":"SyncServerConnectionManagerRequest", "result":"SYNC_SERVER_OK", "context":{"environment":"Prod_southeastasia_prod-s01-064-apac-southeastasia", "migrationStage":"NotStarted", "server":"akswtt00000001t"}}
{"logTime": "0519/171819", "correlationVector":"vNkarCnykSzh0Ne+1lcK3r.2","action":"Commit Response", "result":"Success", "context":Result: Success. cV=vNkarCnykSzh0Ne+1lcK3r.0;server=akswtt00000001t;cloudType=Consumer;environment=Prod_southeastasia_prod-s01-064-apac-southeastasia;migrationStage=NotStarted}
