2026-05-19 17:16:42.476: [INFO] OnDoneLoading sync enabled: 0
2026-05-19 17:16:42.512: [INFO] RecordSyncInitDuration has_sync_been_enabled: 0 state: 0
2026-05-19 17:16:46.707: [INFO] BookmarkNodeAdded, ABU: 0
2026-05-19 17:16:46.708: [INFO] BookmarkNodeAdded, ABU: 0
2026-05-19 17:16:46.708: [INFO] BookmarkNodeAdded, ABU: 0
2026-05-19 17:16:46.708: [INFO] BookmarkNodeAdded, ABU: 0
2026-05-19 17:16:46.709: [INFO] BookmarkNodeAdded, ABU: 0
2026-05-19 17:16:46.709: [INFO] BookmarkNodeAdded, ABU: 0
2026-05-19 17:16:46.710: [INFO] BookmarkNodeAdded, ABU: 0
2026-05-19 17:16:46.710: [INFO] BookmarkNodeAdded, ABU: 0
2026-05-19 17:16:46.711: [INFO] BookmarkNodeAdded, ABU: 0
2026-05-19 17:16:46.711: [INFO] BookmarkNodeAdded, ABU: 0
2026-05-19 17:16:46.711: [INFO] BookmarkNodeAdded, ABU: 0
2026-05-19 17:16:46.712: [INFO] BookmarkNodeAdded, ABU: 0
2026-05-19 17:16:46.715: [INFO] BookmarkNodeAdded, ABU: 0
2026-05-19 17:16:46.716: [INFO] BookmarkNodeAdded, ABU: 0
2026-05-19 17:16:47.418: [INFO] RecordSyncInitDuration has_sync_been_enabled: 0 state: 0
2026-05-19 17:16:47.420: [INFO] RecordSyncInitDuration has_sync_been_enabled: 0 state: 3
2026-05-19 17:16:47.423: [INFO] Primary account changed.
2026-05-19 17:16:47.423: [INFO] OnPrimaryAccountChanged PrimaryAccountChangeEvent::Type::kSet
2026-05-19 17:16:47.425: [INFO] RecordSyncInitDuration has_sync_been_enabled: 0 state: 3
2026-05-19 17:16:51.696: [INFO] BookmarkNodeAdded, ABU: 0
2026-05-19 17:17:26.404: [INFO] OnDoneLoading sync enabled: 0
2026-05-19 17:17:26.419: [INFO] RecordSyncInitDuration has_sync_been_enabled: 0 state: 3
2026-05-19 17:17:26.445: [INFO] RecordSyncInitDuration has_sync_been_enabled: 0 state: 3
2026-05-19 17:17:26.758: [INFO] RecordSyncInitDuration has_sync_been_enabled: 0 state: 3
2026-05-19 17:17:26.758: [INFO] RecordSyncInitDuration has_sync_been_enabled: 0 state: 3
2026-05-19 17:17:26.759: [INFO] RecordSyncInitDuration has_sync_been_enabled: 0 state: 3
2026-05-19 17:17:26.761: [INFO] RecordSyncInitDuration has_sync_been_enabled: 0 state: 3
2026-05-19 17:17:26.761: [INFO] RecordSyncInitDuration has_sync_been_enabled: 0 state: 3
2026-05-19 17:17:26.761: [INFO] RecordSyncInitDuration has_sync_been_enabled: 0 state: 3
2026-05-19 17:17:26.762: [INFO] RecordSyncInitDuration has_sync_been_enabled: 0 state: 5
2026-05-19 17:17:26.762: [INFO] RecordSyncInitDuration has_sync_been_enabled: 0 state: 5
2026-05-19 17:17:27.147: [INFO] RecordSyncInitDuration has_sync_been_enabled: 0 state: 5
2026-05-19 17:17:27.150: [INFO] RecordSyncInitDuration has_sync_been_enabled: 0 state: 5
2026-05-19 17:17:27.740: [INFO] RecordSyncInitDuration has_sync_been_enabled: 0 state: 5
2026-05-19 17:17:27.741: [INFO] RecordSyncInitDuration has_sync_been_enabled: 0 state: 6
2026-05-19 17:17:28.247: [INFO] RecordSyncInitDuration has_sync_been_enabled: 0 state: 6
2026-05-19 17:17:28.247: [INFO] RecordSyncInitDuration has_sync_been_enabled: 0 state: 6
2026-05-19 17:17:28.248: [INFO] RecordSyncInitDuration has_sync_been_enabled: 0 state: 6
2026-05-19 17:17:28.249: [INFO] RecordSyncInitDuration has_sync_been_enabled: 0 state: 6
2026-05-19 17:17:30.851: [INFO] RecordSyncInitDuration has_sync_been_enabled: 0 state: 6
2026-05-19 17:17:30.854: [INFO] RecordSyncInitDuration has_sync_been_enabled: 0 state: 6
2026-05-19 17:17:32.016: [INFO] VisibilityChanged: 0
2026-05-19 17:17:44.218: [INFO] OnDoneLoading sync enabled: 0
2026-05-19 17:17:44.232: [INFO] RecordSyncInitDuration has_sync_been_enabled: 0 state: 3
2026-05-19 17:17:44.260: [INFO] RecordSyncInitDuration has_sync_been_enabled: 0 state: 3
2026-05-19 17:17:44.633: [INFO] RecordSyncInitDuration has_sync_been_enabled: 0 state: 3
2026-05-19 17:17:44.633: [INFO] RecordSyncInitDuration has_sync_been_enabled: 0 state: 3
2026-05-19 17:17:44.633: [INFO] RecordSyncInitDuration has_sync_been_enabled: 0 state: 3
2026-05-19 17:17:44.635: [INFO] RecordSyncInitDuration has_sync_been_enabled: 0 state: 3
2026-05-19 17:17:44.636: [INFO] RecordSyncInitDuration has_sync_been_enabled: 0 state: 3
2026-05-19 17:17:44.636: [INFO] RecordSyncInitDuration has_sync_been_enabled: 0 state: 3
2026-05-19 17:17:44.636: [INFO] RecordSyncInitDuration has_sync_been_enabled: 0 state: 5
2026-05-19 17:17:44.637: [INFO] RecordSyncInitDuration has_sync_been_enabled: 0 state: 5
2026-05-19 17:17:45.070: [INFO] RecordSyncInitDuration has_sync_been_enabled: 0 state: 5
2026-05-19 17:17:45.072: [INFO] RecordSyncInitDuration has_sync_been_enabled: 0 state: 5
2026-05-19 17:17:45.773: [INFO] RecordSyncInitDuration has_sync_been_enabled: 0 state: 5
2026-05-19 17:17:45.773: [INFO] RecordSyncInitDuration has_sync_been_enabled: 0 state: 6
2026-05-19 17:17:46.277: [INFO] RecordSyncInitDuration has_sync_been_enabled: 0 state: 6
2026-05-19 17:17:46.277: [INFO] RecordSyncInitDuration has_sync_been_enabled: 0 state: 6
2026-05-19 17:17:46.278: [INFO] RecordSyncInitDuration has_sync_been_enabled: 0 state: 6
2026-05-19 17:17:46.279: [INFO] RecordSyncInitDuration has_sync_been_enabled: 0 state: 6
2026-05-19 17:17:47.974: [INFO] RecordSyncInitDuration has_sync_been_enabled: 0 state: 6
2026-05-19 17:17:47.974: [INFO] RecordSyncInitDuration has_sync_been_enabled: 0 state: 6
2026-05-19 17:17:48.184: [INFO] RecordSyncInitDuration has_sync_been_enabled: 0 state: 6
2026-05-19 17:17:53.304: [INFO] RecordSyncInitDuration has_sync_been_enabled: 0 state: 6
2026-05-19 17:17:54.122: [INFO] RecordSyncInitDuration has_sync_been_enabled: 0 state: 6
2026-05-19 17:17:55.337: [INFO] VisibilityChanged: 0
