{"logTime": "0519/171649", "correlationVector":"QkmGoXSKa2lLQxTYbfkr5P.1","action":"SyncServerConnectionManagerRequest", "result":"SYNC_SERVER_OK", "context":{"environment":"Prod_southeastasia_prod-s01-064-apac-southeastasia", "migrationStage":"NotStarted", "server":"akswtt00000001e"}}
{"logTime": "0519/171649", "correlationVector":"QkmGoXSKa2lLQxTYbfkr5P.2","action":"ProcessGetUpdates", "result":"Done", "context":{"dataType":"Encryption Keys", "deleted":"0", "process_failed_to_decrypt":"0", "process_pending_decryption":"0", "process_success":"1", "total":"1"}}
{"logTime": "0519/171650", "correlationVector":"Mmpg3X7FqFAXvTN1JbntUE","action":"SyncServerConnectionManagerRequest", "result":"SYNC_SERVER_OK", "context":{"environment":"", "migrationStage":"", "server":""}}
{"logTime": "0519/171650", "correlationVector":"Mmpg3X7FqFAXvTN1JbntUE.0","action":"EncryptionKeysFetcher.DownloadKeys:", "result":"Success", "context":Key count: 2, Last key timestamp: 2026-05-19T17:16:48Z}
{"logTime": "0519/171650", "correlationVector":"Mmpg3X7FqFAXvTN1JbntUE.1","action":"EncryptionKeysManager::SetEncryptionKeys:", "result":"Success", "context":Key names[2]:[rYiFaUKvYfC378CbQvoofj35FlUQ5u+TNyAn3YR6C/86kprnaxkJ3fxw+Nc5dhR5qEZG7B0HGuIJI5z6y4idug==][R/Hd5W7dFrmXMtL4nneDhFeGngymeV+FDVyA2QlvQbbBBXxyv/dFS5WEUwwTl3dTm5LVwAFRQ0SZ7tXfh7RsNA==]}
{"logTime": "0519/171650", "correlationVector":"Mmpg3X7FqFAXvTN1JbntUE.2","action":"EncryptionKeysManager::SetEncryptionKeysWithTimestamps:", "result":"Success", "context":Key timestamps[2]:[2025-10-07T16:35:34Z][2026-05-19T17:16:48Z]}
{"logTime": "0519/171650", "correlationVector":"QkmGoXSKa2lLQxTYbfkr5P","action":"Initial GetUpdates", "result":"", "context":Reason: NEW_CLIENT. cV=QkmGoXSKa2lLQxTYbfkr5P}
{"logTime": "0519/171650", "correlationVector":"QkmGoXSKa2lLQxTYbfkr5P.3","action":"GetUpdates Response", "result":"Success", "context":Received 1 update(s). cV=QkmGoXSKa2lLQxTYbfkr5P.0;server=akswtt00000001e;cloudType=Consumer;environment=Prod_southeastasia_prod-s01-064-apac-southeastasia;migrationStage=NotStarted}
{"logTime": "0519/171650", "correlationVector":"16JoYQjRyGr5Uv8vRqoOrB","action":"Initial GetUpdates", "result":"", "context":Reason: NEWLY_SUPPORTED_DATATYPE. cV=16JoYQjRyGr5Uv8vRqoOrB}
{"logTime": "0519/171651", "correlationVector":"16JoYQjRyGr5Uv8vRqoOrB.1","action":"SyncServerConnectionManagerRequest", "result":"SYNC_SERVER_OK", "context":{"environment":"Prod_southeastasia_prod-s01-064-apac-southeastasia", "migrationStage":"NotStarted", "server":"akswtt00000001t"}}
{"logTime": "0519/171651", "correlationVector":"16JoYQjRyGr5Uv8vRqoOrB.2","action":"ProcessGetUpdates", "result":"Done", "context":{"dataType":"Preferences", "deleted":"0", "process_failed_to_decrypt":"0", "process_pending_decryption":"0", "process_success":"37", "total":"37"}}
{"logTime": "0519/171651", "correlationVector":"16JoYQjRyGr5Uv8vRqoOrB.3","action":"ProcessGetUpdates", "result":"Done", "context":{"dataType":"Device Info", "deleted":"0", "process_failed_to_decrypt":"0", "process_pending_decryption":"0", "process_success":"3", "total":"3"}}
{"logTime": "0519/171651", "correlationVector":"16JoYQjRyGr5Uv8vRqoOrB.4","action":"GetUpdates Response", "result":"Success", "context":Received 40 update(s). cV=16JoYQjRyGr5Uv8vRqoOrB.0;server=akswtt00000001t;cloudType=Consumer;environment=Prod_southeastasia_prod-s01-064-apac-southeastasia;migrationStage=NotStarted}
{"logTime": "0519/171651", "correlationVector":"Z6n5yBpLXlLTjhjUX7aFJi","action":"Initial GetUpdates", "result":"", "context":Reason: NEWLY_SUPPORTED_DATATYPE. cV=Z6n5yBpLXlLTjhjUX7aFJi}
{"logTime": "0519/171651", "correlationVector":"Z6n5yBpLXlLTjhjUX7aFJi.1","action":"SyncServerConnectionManagerRequest", "result":"SYNC_SERVER_OK", "context":{"environment":"Prod_southeastasia_prod-s01-064-apac-southeastasia", "migrationStage":"NotStarted", "server":"akswtt00000000b"}}
{"logTime": "0519/171651", "correlationVector":"Z6n5yBpLXlLTjhjUX7aFJi.2","action":"ProcessGetUpdates", "result":"Done", "context":{"dataType":"Bookmarks", "deleted":"0", "process_failed_to_decrypt":"0", "process_pending_decryption":"0", "process_success":"7", "total":"7"}}
{"logTime": "0519/171651", "correlationVector":"Z6n5yBpLXlLTjhjUX7aFJi.3","action":"GetUpdates Response", "result":"Success", "context":Received 7 update(s). cV=Z6n5yBpLXlLTjhjUX7aFJi.0;server=akswtt00000000b;cloudType=Consumer;environment=Prod_southeastasia_prod-s01-064-apac-southeastasia;migrationStage=NotStarted}
{"logTime": "0519/171651", "correlationVector":"hAHejvrQ+fST4X70wTOKH9","action":"Initial GetUpdates", "result":"", "context":Reason: NEWLY_SUPPORTED_DATATYPE. cV=hAHejvrQ+fST4X70wTOKH9}
{"logTime": "0519/171726", "correlationVector":"ZyIhrj66oGvm+BeZqJARp6.1","action":"SyncServerConnectionManagerRequest", "result":"SYNC_SERVER_OK", "context":{"environment":"Prod_southeastasia_prod-s01-064-apac-southeastasia", "migrationStage":"NotStarted", "server":"akswtt00000000b"}}
{"logTime": "0519/171726", "correlationVector":"ZyIhrj66oGvm+BeZqJARp6.2","action":"ProcessGetUpdates", "result":"Done", "context":{"dataType":"Encryption Keys", "deleted":"0", "process_failed_to_decrypt":"0", "process_pending_decryption":"0", "process_success":"1", "total":"1"}}
{"logTime": "0519/171727", "correlationVector":"JQRSQU2R89Fw9+O46L/1vN","action":"SyncServerConnectionManagerRequest", "result":"SYNC_SERVER_OK", "context":{"environment":"", "migrationStage":"", "server":""}}
{"logTime": "0519/171727", "correlationVector":"JQRSQU2R89Fw9+O46L/1vN.0","action":"EncryptionKeysFetcher.DownloadKeys:", "result":"Success", "context":Key count: 2, Last key timestamp: 2026-05-19T17:16:48Z}
{"logTime": "0519/171727", "correlationVector":"JQRSQU2R89Fw9+O46L/1vN.1","action":"EncryptionKeysManager::SetEncryptionKeys:", "result":"Success", "context":Key names[2]:[rYiFaUKvYfC378CbQvoofj35FlUQ5u+TNyAn3YR6C/86kprnaxkJ3fxw+Nc5dhR5qEZG7B0HGuIJI5z6y4idug==][R/Hd5W7dFrmXMtL4nneDhFeGngymeV+FDVyA2QlvQbbBBXxyv/dFS5WEUwwTl3dTm5LVwAFRQ0SZ7tXfh7RsNA==]}
{"logTime": "0519/171727", "correlationVector":"JQRSQU2R89Fw9+O46L/1vN.2","action":"EncryptionKeysManager::SetEncryptionKeysWithTimestamps:", "result":"Success", "context":Key timestamps[2]:[2025-10-07T16:35:34Z][2026-05-19T17:16:48Z]}
{"logTime": "0519/171727", "correlationVector":"ZyIhrj66oGvm+BeZqJARp6","action":"Initial GetUpdates", "result":"", "context":Reason: NEW_CLIENT. cV=ZyIhrj66oGvm+BeZqJARp6}
{"logTime": "0519/171727", "correlationVector":"ZyIhrj66oGvm+BeZqJARp6.3","action":"GetUpdates Response", "result":"Success", "context":Received 1 update(s). cV=ZyIhrj66oGvm+BeZqJARp6.0;server=akswtt00000000b;cloudType=Consumer;environment=Prod_southeastasia_prod-s01-064-apac-southeastasia;migrationStage=NotStarted}
{"logTime": "0519/171727", "correlationVector":"rNsgoAAzRcWtxxF8wjyIFr","action":"Initial GetUpdates", "result":"", "context":Reason: NEWLY_SUPPORTED_DATATYPE. cV=rNsgoAAzRcWtxxF8wjyIFr}
{"logTime": "0519/171727", "correlationVector":"rNsgoAAzRcWtxxF8wjyIFr.1","action":"SyncServerConnectionManagerRequest", "result":"SYNC_SERVER_OK", "context":{"environment":"Prod_southeastasia_prod-s01-064-apac-southeastasia", "migrationStage":"NotStarted", "server":"akswtt00000001q"}}
{"logTime": "0519/171727", "correlationVector":"rNsgoAAzRcWtxxF8wjyIFr.2","action":"ProcessGetUpdates", "result":"Done", "context":{"dataType":"Device Info", "deleted":"0", "process_failed_to_decrypt":"0", "process_pending_decryption":"0", "process_success":"3", "total":"3"}}
{"logTime": "0519/171727", "correlationVector":"rNsgoAAzRcWtxxF8wjyIFr.3","action":"GetUpdates Response", "result":"Success", "context":Received 3 update(s). cV=rNsgoAAzRcWtxxF8wjyIFr.0;server=akswtt00000001q;cloudType=Consumer;environment=Prod_southeastasia_prod-s01-064-apac-southeastasia;migrationStage=NotStarted}
{"logTime": "0519/171727", "correlationVector":"c84aPJfXt7ZmtfHIk3OSJs","action":"Initial GetUpdates", "result":"", "context":Reason: NEWLY_SUPPORTED_DATATYPE. cV=c84aPJfXt7ZmtfHIk3OSJs}
{"logTime": "0519/171728", "correlationVector":"c84aPJfXt7ZmtfHIk3OSJs.1","action":"SyncServerConnectionManagerRequest", "result":"SYNC_SERVER_OK", "context":{"environment":"Prod_southeastasia_prod-s01-064-apac-southeastasia", "migrationStage":"NotStarted", "server":"akswtt000000003"}}
{"logTime": "0519/171728", "correlationVector":"c84aPJfXt7ZmtfHIk3OSJs.2","action":"ProcessGetUpdates", "result":"Done", "context":{"dataType":"Extensions", "deleted":"0", "process_failed_to_decrypt":"0", "process_pending_decryption":"0", "process_success":"2", "total":"2"}}
{"logTime": "0519/171728", "correlationVector":"c84aPJfXt7ZmtfHIk3OSJs.3","action":"ProcessGetUpdates", "result":"Done", "context":{"dataType":"Extension settings", "deleted":"0", "process_failed_to_decrypt":"0", "process_pending_decryption":"0", "process_success":"2", "total":"2"}}
{"logTime": "0519/171728", "correlationVector":"c84aPJfXt7ZmtfHIk3OSJs.4","action":"GetUpdates Response", "result":"Success", "context":Received 4 update(s). cV=c84aPJfXt7ZmtfHIk3OSJs.0;server=akswtt000000003;cloudType=Consumer;environment=Prod_southeastasia_prod-s01-064-apac-southeastasia;migrationStage=NotStarted}
{"logTime": "0519/171728", "correlationVector":"sNmu8eOChnvilYecBKUztG","action":"Normal GetUpdate request", "result":"", "context":cV=sNmu8eOChnvilYecBKUztG
Nudged types: Device Info, User Consents, Encryption Keys
Refresh requested types: Extensions, Extension settings, Device Info, User Consents, Send Tab To Self, Web Apps, Encryption Keys}
{"logTime": "0519/171728", "correlationVector":"sNmu8eOChnvilYecBKUztG.1","action":"SyncServerConnectionManagerRequest", "result":"SYNC_SERVER_OK", "context":{"environment":"Prod_southeastasia_prod-s01-064-apac-southeastasia", "migrationStage":"NotStarted", "server":"akswtt00000001j"}}
{"logTime": "0519/171728", "correlationVector":"sNmu8eOChnvilYecBKUztG.2","action":"GetUpdates Response", "result":"Success", "context":Received 0 update(s). cV=sNmu8eOChnvilYecBKUztG.0;server=akswtt00000001j;cloudType=Consumer;environment=Prod_southeastasia_prod-s01-064-apac-southeastasia;migrationStage=NotStarted}
{"logTime": "0519/171728", "correlationVector":"YmuGZ6HxmKJr5xJ/L0afqW","action":"Commit Request", "result":"", "context":Item count: 1
Contributing types: Encryption Keys}
{"logTime": "0519/171729", "correlationVector":"YmuGZ6HxmKJr5xJ/L0afqW.1","action":"SyncServerConnectionManagerRequest", "result":"SYNC_SERVER_OK", "context":{"environment":"Prod_southeastasia_prod-s01-064-apac-southeastasia", "migrationStage":"NotStarted", "server":"akswtt00000000p"}}
{"logTime": "0519/171729", "correlationVector":"YmuGZ6HxmKJr5xJ/L0afqW.2","action":"Commit Response", "result":"Success", "context":Result: Success. cV=YmuGZ6HxmKJr5xJ/L0afqW.0;server=akswtt00000000p;cloudType=Consumer;environment=Prod_southeastasia_prod-s01-064-apac-southeastasia;migrationStage=NotStarted}
{"logTime": "0519/171729", "correlationVector":"Eocsel3xyZqylTVV6tVhAT","action":"Commit Request", "result":"", "context":Item count: 2
Contributing types: Device Info, User Consents}
{"logTime": "0519/171730", "correlationVector":"Eocsel3xyZqylTVV6tVhAT.1","action":"SyncServerConnectionManagerRequest", "result":"SYNC_SERVER_OK", "context":{"environment":"Prod_southeastasia_prod-s01-064-apac-southeastasia", "migrationStage":"NotStarted", "server":"akswtt00000000j"}}
{"logTime": "0519/171730", "correlationVector":"Eocsel3xyZqylTVV6tVhAT.2","action":"Commit Response", "result":"Success", "context":Result: Success. cV=Eocsel3xyZqylTVV6tVhAT.0;server=akswtt00000000j;cloudType=Consumer;environment=Prod_southeastasia_prod-s01-064-apac-southeastasia;migrationStage=NotStarted}
{"logTime": "0519/171744", "correlationVector":"pmFBVXhCDFWK0faUNGT2++.1","action":"SyncServerConnectionManagerRequest", "result":"SYNC_SERVER_OK", "context":{"environment":"Prod_southeastasia_prod-s01-064-apac-southeastasia", "migrationStage":"NotStarted", "server":"akswtt000000011"}}
{"logTime": "0519/171744", "correlationVector":"pmFBVXhCDFWK0faUNGT2++.2","action":"ProcessGetUpdates", "result":"Done", "context":{"dataType":"Encryption Keys", "deleted":"0", "process_failed_to_decrypt":"0", "process_pending_decryption":"0", "process_success":"1", "total":"1"}}
{"logTime": "0519/171745", "correlationVector":"nihA/cl0rB7xE1Npxukwq1","action":"SyncServerConnectionManagerRequest", "result":"SYNC_SERVER_OK", "context":{"environment":"", "migrationStage":"", "server":""}}
{"logTime": "0519/171745", "correlationVector":"nihA/cl0rB7xE1Npxukwq1.0","action":"EncryptionKeysFetcher.DownloadKeys:", "result":"Success", "context":Key count: 2, Last key timestamp: 2026-05-19T17:16:48Z}
{"logTime": "0519/171745", "correlationVector":"nihA/cl0rB7xE1Npxukwq1.1","action":"EncryptionKeysManager::SetEncryptionKeys:", "result":"Success", "context":Key names[2]:[rYiFaUKvYfC378CbQvoofj35FlUQ5u+TNyAn3YR6C/86kprnaxkJ3fxw+Nc5dhR5qEZG7B0HGuIJI5z6y4idug==][R/Hd5W7dFrmXMtL4nneDhFeGngymeV+FDVyA2QlvQbbBBXxyv/dFS5WEUwwTl3dTm5LVwAFRQ0SZ7tXfh7RsNA==]}
{"logTime": "0519/171745", "correlationVector":"nihA/cl0rB7xE1Npxukwq1.2","action":"EncryptionKeysManager::SetEncryptionKeysWithTimestamps:", "result":"Success", "context":Key timestamps[2]:[2025-10-07T16:35:34Z][2026-05-19T17:16:48Z]}
{"logTime": "0519/171745", "correlationVector":"pmFBVXhCDFWK0faUNGT2++","action":"Initial GetUpdates", "result":"", "context":Reason: NEW_CLIENT. cV=pmFBVXhCDFWK0faUNGT2++}
{"logTime": "0519/171745", "correlationVector":"pmFBVXhCDFWK0faUNGT2++.3","action":"GetUpdates Response", "result":"Success", "context":Received 1 update(s). cV=pmFBVXhCDFWK0faUNGT2++.0;server=akswtt000000011;cloudType=Consumer;environment=Prod_southeastasia_prod-s01-064-apac-southeastasia;migrationStage=NotStarted}
{"logTime": "0519/171745", "correlationVector":"HkBD2/DznWuA2Ri0qiRM4M","action":"Initial GetUpdates", "result":"", "context":Reason: NEWLY_SUPPORTED_DATATYPE. cV=HkBD2/DznWuA2Ri0qiRM4M}
{"logTime": "0519/171745", "correlationVector":"HkBD2/DznWuA2Ri0qiRM4M.1","action":"SyncServerConnectionManagerRequest", "result":"SYNC_SERVER_OK", "context":{"environment":"Prod_southeastasia_prod-s01-064-apac-southeastasia", "migrationStage":"NotStarted", "server":"akswtt00000000j"}}
{"logTime": "0519/171745", "correlationVector":"HkBD2/DznWuA2Ri0qiRM4M.2","action":"ProcessGetUpdates", "result":"Done", "context":{"dataType":"Device Info", "deleted":"0", "process_failed_to_decrypt":"0", "process_pending_decryption":"0", "process_success":"4", "total":"4"}}
{"logTime": "0519/171745", "correlationVector":"HkBD2/DznWuA2Ri0qiRM4M.3","action":"GetUpdates Response", "result":"Success", "context":Received 4 update(s). cV=HkBD2/DznWuA2Ri0qiRM4M.0;server=akswtt00000000j;cloudType=Consumer;environment=Prod_southeastasia_prod-s01-064-apac-southeastasia;migrationStage=NotStarted}
{"logTime": "0519/171745", "correlationVector":"xPk4W9E76VYEri9EJBGcLO","action":"Initial GetUpdates", "result":"", "context":Reason: NEWLY_SUPPORTED_DATATYPE. cV=xPk4W9E76VYEri9EJBGcLO}
{"logTime": "0519/171746", "correlationVector":"xPk4W9E76VYEri9EJBGcLO.1","action":"SyncServerConnectionManagerRequest", "result":"SYNC_SERVER_OK", "context":{"environment":"Prod_southeastasia_prod-s01-064-apac-southeastasia", "migrationStage":"NotStarted", "server":"akswtt000000000"}}
{"logTime": "0519/171746", "correlationVector":"xPk4W9E76VYEri9EJBGcLO.2","action":"ProcessGetUpdates", "result":"Done", "context":{"dataType":"Extensions", "deleted":"0", "process_failed_to_decrypt":"0", "process_pending_decryption":"0", "process_success":"2", "total":"2"}}
{"logTime": "0519/171746", "correlationVector":"xPk4W9E76VYEri9EJBGcLO.3","action":"ProcessGetUpdates", "result":"Done", "context":{"dataType":"Extension settings", "deleted":"0", "process_failed_to_decrypt":"0", "process_pending_decryption":"0", "process_success":"2", "total":"2"}}
{"logTime": "0519/171746", "correlationVector":"xPk4W9E76VYEri9EJBGcLO.4","action":"GetUpdates Response", "result":"Success", "context":Received 4 update(s). cV=xPk4W9E76VYEri9EJBGcLO.0;server=akswtt000000000;cloudType=Consumer;environment=Prod_southeastasia_prod-s01-064-apac-southeastasia;migrationStage=NotStarted}
{"logTime": "0519/171746", "correlationVector":"eYaW5urWZDaXQuOWNKhPdA","action":"Normal GetUpdate request", "result":"", "context":cV=eYaW5urWZDaXQuOWNKhPdA
Nudged types: Device Info
Refresh requested types: Extensions, Extension settings, Device Info, User Consents, Send Tab To Self, Web Apps, Encryption Keys}
{"logTime": "0519/171746", "correlationVector":"eYaW5urWZDaXQuOWNKhPdA.1","action":"SyncServerConnectionManagerRequest", "result":"SYNC_SERVER_OK", "context":{"environment":"Prod_southeastasia_prod-s01-064-apac-southeastasia", "migrationStage":"NotStarted", "server":"akswtt000000008"}}
{"logTime": "0519/171746", "correlationVector":"eYaW5urWZDaXQuOWNKhPdA.2","action":"GetUpdates Response", "result":"Success", "context":Received 0 update(s). cV=eYaW5urWZDaXQuOWNKhPdA.0;server=akswtt000000008;cloudType=Consumer;environment=Prod_southeastasia_prod-s01-064-apac-southeastasia;migrationStage=NotStarted}
{"logTime": "0519/171746", "correlationVector":"5whw0TcqjC1Kony+k2/NkK","action":"DoCompareDataConsistency requsted types: ", "result":"Extensions, Extension settings, Send Tab To Self, Web Apps, Encryption Keys"}
{"logTime": "0519/171746", "correlationVector":"5whw0TcqjC1Kony+k2/NkK.0","action":"CompareDataConsistency result: ", "result":"Compare result: Encryption Keys is consistent. local entities count is: 1 local entities hash is: WYcqjxQFVT+xILOhU0qljwatu8Y="}
{"logTime": "0519/171746", "correlationVector":"5whw0TcqjC1Kony+k2/NkK.1","action":"CompareDataConsistency result: ", "result":"Compare result: Extensions is consistent. local entities count is: 2 local entities hash is: Jk77+4W3HLBCCWSANOsnCfHVwiE="}
{"logTime": "0519/171746", "correlationVector":"5whw0TcqjC1Kony+k2/NkK.2","action":"CompareDataConsistency result: ", "result":"Compare result: Extension settings is consistent. local entities count is: 2 local entities hash is: 8lR+sQ/1LJJQjfUahwzIx5Qwj/g="}
{"logTime": "0519/171746", "correlationVector":"5whw0TcqjC1Kony+k2/NkK.3","action":"CompareDataConsistency result: ", "result":"Server did not send this Send Tab To Self local entities count is: 0 local entities hash is: "}
{"logTime": "0519/171746", "correlationVector":"5whw0TcqjC1Kony+k2/NkK.4","action":"CompareDataConsistency result: ", "result":"Compare result: Web Apps is consistent. local entities count is: 0 local entities hash is: "}
{"logTime": "0519/171746", "correlationVector":"f7AE4HD83T4PLsKcQEaDwI","action":"Commit Request", "result":"", "context":Item count: 1
Contributing types: Device Info}
{"logTime": "0519/171747", "correlationVector":"f7AE4HD83T4PLsKcQEaDwI.1","action":"SyncServerConnectionManagerRequest", "result":"SYNC_SERVER_OK", "context":{"environment":"Prod_southeastasia_prod-s01-064-apac-southeastasia", "migrationStage":"NotStarted", "server":"akswtt00000000h"}}
{"logTime": "0519/171747", "correlationVector":"f7AE4HD83T4PLsKcQEaDwI.2","action":"Commit Response", "result":"Success", "context":Result: Success. cV=f7AE4HD83T4PLsKcQEaDwI.0;server=akswtt00000000h;cloudType=Consumer;environment=Prod_southeastasia_prod-s01-064-apac-southeastasia;migrationStage=NotStarted}
{"logTime": "0519/171747", "correlationVector":"","action":"DIAGNOSTIC_REQUEST|v1/diagnosticData/Diagnostic.SendCheckResult()|SUCCESS", "result":""}
{"logTime": "0519/171752", "correlationVector":"jp5GI8EIbQDJF6RHI73dy/","action":"Commit Request", "result":"", "context":Item count: 1
Contributing types: Extensions}
{"logTime": "0519/171753", "correlationVector":"jp5GI8EIbQDJF6RHI73dy/.1","action":"SyncServerConnectionManagerRequest", "result":"SYNC_SERVER_OK", "context":{"environment":"Prod_southeastasia_prod-s01-064-apac-southeastasia", "migrationStage":"NotStarted", "server":"akswtt00000000j"}}
{"logTime": "0519/171753", "correlationVector":"jp5GI8EIbQDJF6RHI73dy/.2","action":"Commit Response", "result":"Success", "context":Result: Success. cV=jp5GI8EIbQDJF6RHI73dy/.0;server=akswtt00000000j;cloudType=Consumer;environment=Prod_southeastasia_prod-s01-064-apac-southeastasia;migrationStage=NotStarted}
{"logTime": "0519/171753", "correlationVector":"9UNqSQRHbQy2b/yCgEET5a","action":"Commit Request", "result":"", "context":Item count: 1
Contributing types: Extensions}
{"logTime": "0519/171754", "correlationVector":"9UNqSQRHbQy2b/yCgEET5a.1","action":"SyncServerConnectionManagerRequest", "result":"SYNC_SERVER_OK", "context":{"environment":"Prod_southeastasia_prod-s01-064-apac-southeastasia", "migrationStage":"NotStarted", "server":"akswtt00000000n"}}
{"logTime": "0519/171754", "correlationVector":"9UNqSQRHbQy2b/yCgEET5a.2","action":"Commit Response", "result":"Success", "context":Result: Success. cV=9UNqSQRHbQy2b/yCgEET5a.0;server=akswtt00000000n;cloudType=Consumer;environment=Prod_southeastasia_prod-s01-064-apac-southeastasia;migrationStage=NotStarted}
