2026-05-19 17:16:42.372: [INFO][Sync] Reset engine, reason: 8
2026-05-19 17:16:42.372: [INFO][Sync] Stopped: Bookmarks
2026-05-19 17:16:42.372: [INFO][Sync] Stopped: Preferences
2026-05-19 17:16:42.372: [INFO][Sync] Stopped: Passwords
2026-05-19 17:16:42.372: [INFO][Sync] Stopped: Autofill Profiles
2026-05-19 17:16:42.372: [INFO][Sync] Stopped: Autofill
2026-05-19 17:16:42.372: [INFO][Sync] Stopped: Extensions
2026-05-19 17:16:42.372: [INFO][Sync] Stopped: Sessions
2026-05-19 17:16:42.372: [INFO][Sync] Stopped: Extension settings
2026-05-19 17:16:42.372: [INFO][Sync] Stopped: History Delete Directives
2026-05-19 17:16:42.372: [INFO][Sync] Stopped: Device Info
2026-05-19 17:16:42.372: [INFO][Sync] Stopped: User Consents
2026-05-19 17:16:42.372: [INFO][Sync] Stopped: Send Tab To Self
2026-05-19 17:16:42.372: [INFO][Sync] Stopped: Web Apps
2026-05-19 17:16:42.372: [INFO][Sync] Stopped: History
2026-05-19 17:16:42.372: [INFO][Sync] Stopped: Saved Tab Group
2026-05-19 17:16:42.372: [INFO][Sync] Stopped: WebAuthn Credentials
2026-05-19 17:16:42.372: [INFO][Sync] Stopped: Collection
2026-05-19 17:16:42.372: [INFO][Sync] Stopped: Edge E Drop
2026-05-19 17:16:42.372: [INFO][Sync] Stopped: Edge Hub App Usage
2026-05-19 17:16:42.372: [INFO][Sync] Stopped: Edge Journey
2026-05-19 17:16:42.372: [INFO][Sync] Stopped: Edge Wallet
2026-05-19 17:16:42.372: [INFO][Sync] Stopped: Edge Workspace
2026-05-19 17:16:42.372: [INFO][Sync] SyncState after authenticated was: NotSignedIn
2026-05-19 17:16:42.512: [INFO][Sync] Reset engine, reason: 8
2026-05-19 17:16:42.512: [INFO][Sync] Stopped: Bookmarks
2026-05-19 17:16:42.512: [INFO][Sync] Stopped: Preferences
2026-05-19 17:16:42.512: [INFO][Sync] Stopped: Passwords
2026-05-19 17:16:42.512: [INFO][Sync] Stopped: Autofill Profiles
2026-05-19 17:16:42.512: [INFO][Sync] Stopped: Autofill
2026-05-19 17:16:42.512: [INFO][Sync] Stopped: Extensions
2026-05-19 17:16:42.512: [INFO][Sync] Stopped: Sessions
2026-05-19 17:16:42.512: [INFO][Sync] Stopped: Extension settings
2026-05-19 17:16:42.512: [INFO][Sync] Stopped: History Delete Directives
2026-05-19 17:16:42.512: [INFO][Sync] Stopped: Device Info
2026-05-19 17:16:42.512: [INFO][Sync] Stopped: User Consents
2026-05-19 17:16:42.512: [INFO][Sync] Stopped: Send Tab To Self
2026-05-19 17:16:42.512: [INFO][Sync] Stopped: Web Apps
2026-05-19 17:16:42.512: [INFO][Sync] Stopped: History
2026-05-19 17:16:42.512: [INFO][Sync] Stopped: Saved Tab Group
2026-05-19 17:16:42.512: [INFO][Sync] Stopped: WebAuthn Credentials
2026-05-19 17:16:42.512: [INFO][Sync] Stopped: Collection
2026-05-19 17:16:42.512: [INFO][Sync] Stopped: Edge E Drop
2026-05-19 17:16:42.512: [INFO][Sync] Stopped: Edge Hub App Usage
2026-05-19 17:16:42.512: [INFO][Sync] Stopped: Edge Journey
2026-05-19 17:16:42.512: [INFO][Sync] Stopped: Edge Wallet
2026-05-19 17:16:42.512: [INFO][Sync] Stopped: Edge Workspace
2026-05-19 17:16:47.419: [INFO][Sync] Try to start sync engine
2026-05-19 17:16:47.420: [INFO][SyncManagerImpl::NudgeForInitialDownload] Initial download nudge for Encryption Keys
2026-05-19 17:16:47.420: [INFO][SyncEngineBackend::LoadAndConnectNigoriController] Load and connect Nigori controller
2026-05-19 17:16:47.420: [INFO][SyncEngineBackend::DoInitialize] Control Types added: Encryption Keys
2026-05-19 17:16:47.420: [INFO][SyncManagerImpl::ConfigureSyncer] Types to download: Encryption Keys with reason: 3
2026-05-19 17:16:47.420: [INFO][SyncSchedulerImpl::DoConfigurationSyncCycleJob] Configure job was blocked
2026-05-19 17:16:48.374: [INFO][SyncAuthManager::SetLastAuthError] Current auth error: None
2026-05-19 17:16:48.374: [INFO][SyncAuthManager::EdgeLogTokenErrorState] Token error with: None for account type: MSA
2026-05-19 17:16:48.374: [INFO][Sync] Credentials changed for: EdgeSyncScopeNew
2026-05-19 17:16:48.431: [INFO][SyncAuthManager::SetLastAuthError] Current auth error: None
2026-05-19 17:16:48.431: [INFO][SyncAuthManager::EdgeLogTokenErrorState] Token error with: None for account type: MSA
2026-05-19 17:16:48.431: [INFO][Sync] Credentials changed for: EdgeSyncKeyDataScope
2026-05-19 17:16:48.431: [INFO][SyncEngineBackend::DoUpdateKeyDataCredentials] Update key data credentials
2026-05-19 17:16:48.431: [INFO][SyncEngineBackend::DoUpdateCredentials] Update credentials
2026-05-19 17:16:48.431: [INFO][SyncSchedulerImpl::DoConfigurationSyncCycleJob] Blocked types:  and types to download: Encryption Keys
2026-05-19 17:16:49.642: [INFO][Sync] Started DataTypeManager configuration, reason: 4
2026-05-19 17:16:49.642: [INFO][Sync] Configuring for: Bookmarks, Preferences, Passwords, Autofill Profiles, Autofill, Extensions, Sessions, Extension settings, History Delete Directives, Device Info, User Consents, Send Tab To Self, Web Apps, History, Saved Tab Group, WebAuthn Credentials, Collection, Edge E Drop, Edge Hub App Usage, Edge Wallet, Edge Workspace, Encryption Keys, reason: 3, current state: 0
2026-05-19 17:16:49.642: [WARN][Sync] Crypto error data types: Passwords, Autofill Profiles, Autofill
2026-05-19 17:16:49.643: [INFO][Sync] Configure, desired: Bookmarks, Preferences, Extensions, Sessions, Extension settings, History Delete Directives, Device Info, User Consents, Send Tab To Self, Web Apps, History, Saved Tab Group, WebAuthn Credentials, Collection, Edge E Drop, Edge Hub App Usage, Edge Wallet, Edge Workspace, Encryption Keys; Allow fail: Passwords, Autofill Profiles, Autofill
2026-05-19 17:16:49.643: [INFO][Sync] Loading: Bookmarks
2026-05-19 17:16:49.643: [INFO][Sync] Loading: Preferences
2026-05-19 17:16:49.643: [INFO][Sync] Loading: Extensions
2026-05-19 17:16:49.643: [INFO][Sync] Loading: Sessions
2026-05-19 17:16:49.643: [INFO][Sync] Loading: Extension settings
2026-05-19 17:16:49.643: [INFO][Sync] Loading: History Delete Directives
2026-05-19 17:16:49.643: [INFO][Sync] Loading: Device Info
2026-05-19 17:16:49.643: [INFO][Sync] Loading: User Consents
2026-05-19 17:16:49.643: [INFO][Sync] Loading: Send Tab To Self
2026-05-19 17:16:49.643: [INFO][Sync] Loading: Web Apps
2026-05-19 17:16:49.643: [INFO][Sync] Loading: History
2026-05-19 17:16:49.643: [INFO][Sync] Loading: Saved Tab Group
2026-05-19 17:16:49.643: [INFO][Sync] Loading: WebAuthn Credentials
2026-05-19 17:16:49.643: [INFO][Sync] Loading: Collection
2026-05-19 17:16:49.643: [INFO][Sync] Loading: Edge E Drop
2026-05-19 17:16:49.643: [INFO][Sync] Loading: Edge Hub App Usage
2026-05-19 17:16:49.643: [INFO][Sync] Loading: Edge Wallet
2026-05-19 17:16:49.643: [INFO][Sync] Loading: Edge Workspace
2026-05-19 17:16:49.644: [INFO][Sync] All data types are ready for configure.
2026-05-19 17:16:50.606: [INFO][Sync] Started DataTypeManager configuration, reason: 5
2026-05-19 17:16:50.606: [INFO][Sync] Configuring for: Bookmarks, Preferences, Passwords, Autofill Profiles, Autofill, Extensions, Sessions, Extension settings, History Delete Directives, Device Info, User Consents, Send Tab To Self, Web Apps, History, Saved Tab Group, WebAuthn Credentials, Collection, Edge E Drop, Edge Hub App Usage, Edge Wallet, Edge Workspace, Encryption Keys, reason: 5, current state: 1
2026-05-19 17:16:50.606: [INFO][SyncEngineBackend::DoStartConfiguration] Start configuration
2026-05-19 17:16:50.606: [INFO][SyncManagerImpl::NudgeForInitialDownload] Initial download nudge for Bookmarks
2026-05-19 17:16:50.606: [INFO][SyncManagerImpl::NudgeForInitialDownload] Initial download nudge for Preferences
2026-05-19 17:16:50.606: [INFO][SyncManagerImpl::NudgeForInitialDownload] Initial download nudge for Extensions
2026-05-19 17:16:50.606: [INFO][SyncManagerImpl::NudgeForInitialDownload] Initial download nudge for Sessions
2026-05-19 17:16:50.606: [INFO][SyncManagerImpl::NudgeForInitialDownload] Initial download nudge for Extension settings
2026-05-19 17:16:50.606: [INFO][SyncManagerImpl::NudgeForInitialDownload] Initial download nudge for History Delete Directives
2026-05-19 17:16:50.606: [INFO][SyncManagerImpl::NudgeForInitialDownload] Initial download nudge for Device Info
2026-05-19 17:16:50.606: [INFO][SyncManagerImpl::NudgeForInitialDownload] Initial download nudge for Send Tab To Self
2026-05-19 17:16:50.606: [INFO][SyncManagerImpl::NudgeForInitialDownload] Initial download nudge for Web Apps
2026-05-19 17:16:50.606: [INFO][SyncManagerImpl::NudgeForInitialDownload] Initial download nudge for History
2026-05-19 17:16:50.606: [INFO][SyncManagerImpl::NudgeForInitialDownload] Initial download nudge for Saved Tab Group
2026-05-19 17:16:50.606: [INFO][SyncManagerImpl::NudgeForInitialDownload] Initial download nudge for WebAuthn Credentials
2026-05-19 17:16:50.606: [INFO][SyncManagerImpl::NudgeForInitialDownload] Initial download nudge for Collection
2026-05-19 17:16:50.606: [INFO][SyncManagerImpl::NudgeForInitialDownload] Initial download nudge for Edge E Drop
2026-05-19 17:16:50.607: [INFO][SyncManagerImpl::NudgeForInitialDownload] Initial download nudge for Edge Hub App Usage
2026-05-19 17:16:50.607: [INFO][SyncManagerImpl::NudgeForInitialDownload] Initial download nudge for Edge Wallet
2026-05-19 17:16:50.607: [INFO][SyncManagerImpl::NudgeForInitialDownload] Initial download nudge for Edge Workspace
2026-05-19 17:16:50.607: [INFO][SyncManagerImpl::ConfigureSyncer] Types to download:  with reason: 3
2026-05-19 17:16:50.607: [INFO][SyncEngineBackend::DoFinishConfigureDataTypes] Failed to download types:  and succeeded types: 
2026-05-19 17:16:50.607: [INFO][Sync] ConfigurationDone, failed: , succeeded: , remaining count: 4
2026-05-19 17:16:50.607: [WARN][Sync]     Reconfigure requested while configuration ongoing.
2026-05-19 17:16:50.607: [INFO][Sync] Configuring for: Bookmarks, Preferences, Passwords, Autofill Profiles, Autofill, Extensions, Sessions, Extension settings, History Delete Directives, Device Info, User Consents, Send Tab To Self, Web Apps, History, Saved Tab Group, WebAuthn Credentials, Collection, Edge E Drop, Edge Hub App Usage, Edge Wallet, Edge Workspace, Encryption Keys, reason: 5, current state: 2
2026-05-19 17:16:50.607: [INFO][Sync] Configure, desired: Bookmarks, Preferences, Passwords, Autofill Profiles, Autofill, Extensions, Sessions, Extension settings, History Delete Directives, Device Info, User Consents, Send Tab To Self, Web Apps, History, Saved Tab Group, WebAuthn Credentials, Collection, Edge E Drop, Edge Hub App Usage, Edge Wallet, Edge Workspace, Encryption Keys; Allow fail: 
2026-05-19 17:16:50.607: [INFO][Sync] Loading: Passwords
2026-05-19 17:16:50.607: [INFO][Sync] Loading: Autofill Profiles
2026-05-19 17:16:50.607: [INFO][Sync] Loading: Autofill
2026-05-19 17:16:50.607: [INFO][Sync] All data types are ready for configure.
2026-05-19 17:16:50.607: [INFO][SyncManagerImpl::NudgeForInitialDownload] Initial download nudge for Passwords
2026-05-19 17:16:50.607: [INFO][SyncManagerImpl::NudgeForInitialDownload] Initial download nudge for Autofill Profiles
2026-05-19 17:16:50.607: [INFO][SyncManagerImpl::NudgeForInitialDownload] Initial download nudge for Autofill
2026-05-19 17:16:50.607: [INFO][SyncManagerImpl::ConfigureSyncer] Types to download:  with reason: 5
2026-05-19 17:16:50.607: [INFO][SyncEngineBackend::DoFinishConfigureDataTypes] Failed to download types:  and succeeded types: 
2026-05-19 17:16:50.607: [INFO][Sync] ConfigurationDone, failed: , succeeded: , remaining count: 4
2026-05-19 17:16:50.607: [INFO][Sync] Prepare to configure types: Preferences, Passwords, Device Info, Send Tab To Self, Edge E Drop, Encryption Keys
2026-05-19 17:16:50.607: [INFO][SyncManagerImpl::ConfigureSyncer] Types to download: Preferences, Passwords, Device Info, Send Tab To Self, Edge E Drop, Encryption Keys with reason: 5
2026-05-19 17:16:50.607: [INFO][SyncSchedulerImpl::DoConfigurationSyncCycleJob] Blocked types:  and types to download: Preferences, Passwords, Device Info, Send Tab To Self, Edge E Drop, Encryption Keys
2026-05-19 17:16:51.174: [INFO][SyncEngineBackend::DoFinishConfigureDataTypes] Failed to download types:  and succeeded types: Preferences, Passwords, Device Info, Send Tab To Self, Edge E Drop, Encryption Keys
2026-05-19 17:16:51.181: [INFO][Sync] ConfigurationDone, failed: , succeeded: Preferences, Passwords, Device Info, Send Tab To Self, Edge E Drop, Encryption Keys, remaining count: 3
2026-05-19 17:16:51.181: [INFO][Sync] Prepare to configure types: Bookmarks, Encryption Keys
2026-05-19 17:16:51.181: [INFO][SyncManagerImpl::ConfigureSyncer] Types to download: Bookmarks, Encryption Keys with reason: 5
2026-05-19 17:16:51.181: [INFO][SyncSchedulerImpl::DoConfigurationSyncCycleJob] Blocked types:  and types to download: Bookmarks, Encryption Keys
2026-05-19 17:16:51.699: [INFO][SyncEngineBackend::DoFinishConfigureDataTypes] Failed to download types:  and succeeded types: Bookmarks, Encryption Keys
2026-05-19 17:16:51.700: [INFO][Sync] ConfigurationDone, failed: , succeeded: Bookmarks, Encryption Keys, remaining count: 2
2026-05-19 17:16:51.700: [INFO][Sync] Prepare to configure types: Autofill Profiles, Autofill, Extensions, Sessions, Extension settings, History Delete Directives, Web Apps, Saved Tab Group, WebAuthn Credentials, Collection, Edge Hub App Usage, Edge Wallet, Edge Workspace, Encryption Keys
2026-05-19 17:16:51.700: [INFO][SyncManagerImpl::ConfigureSyncer] Types to download: Autofill Profiles, Autofill, Extensions, Sessions, Extension settings, History Delete Directives, Web Apps, Saved Tab Group, WebAuthn Credentials, Collection, Edge Hub App Usage, Edge Wallet, Edge Workspace, Encryption Keys with reason: 5
2026-05-19 17:16:51.700: [INFO][SyncSchedulerImpl::DoConfigurationSyncCycleJob] Blocked types:  and types to download: Autofill Profiles, Autofill, Extensions, Sessions, Extension settings, History Delete Directives, Web Apps, Saved Tab Group, WebAuthn Credentials, Collection, Edge Hub App Usage, Edge Wallet, Edge Workspace, Encryption Keys
2026-05-19 17:17:26.311: [INFO][Sync] SyncState after authenticated was: FeatureNotSetup
2026-05-19 17:17:26.365: [INFO][Sync] Try to start sync engine
2026-05-19 17:17:26.368: [INFO][SyncManagerImpl::NudgeForInitialDownload] Initial download nudge for Encryption Keys
2026-05-19 17:17:26.368: [INFO][SyncEngineBackend::LoadAndConnectNigoriController] Load and connect Nigori controller
2026-05-19 17:17:26.368: [INFO][SyncEngineBackend::DoInitialize] Control Types added: Encryption Keys
2026-05-19 17:17:26.368: [INFO][SyncManagerImpl::ConfigureSyncer] Types to download: Encryption Keys with reason: 3
2026-05-19 17:17:26.368: [INFO][SyncSchedulerImpl::DoConfigurationSyncCycleJob] Configure job was blocked
2026-05-19 17:17:26.444: [INFO][SyncAuthManager::SetLastAuthError] Current auth error: None
2026-05-19 17:17:26.444: [INFO][SyncAuthManager::EdgeLogTokenErrorState] Token error with: None for account type: MSA
2026-05-19 17:17:26.444: [INFO][Sync] Credentials changed for: EdgeSyncScopeNew
2026-05-19 17:17:26.456: [INFO][SyncAuthManager::SetLastAuthError] Current auth error: None
2026-05-19 17:17:26.456: [INFO][SyncAuthManager::EdgeLogTokenErrorState] Token error with: None for account type: MSA
2026-05-19 17:17:26.456: [INFO][Sync] Credentials changed for: EdgeSyncKeyDataScope
2026-05-19 17:17:26.456: [INFO][SyncEngineBackend::DoUpdateKeyDataCredentials] Update key data credentials
2026-05-19 17:17:26.456: [INFO][SyncEngineBackend::DoUpdateCredentials] Update credentials
2026-05-19 17:17:26.456: [INFO][SyncSchedulerImpl::DoConfigurationSyncCycleJob] Blocked types:  and types to download: Encryption Keys
2026-05-19 17:17:26.761: [INFO][Sync] Started DataTypeManager configuration, reason: 4
2026-05-19 17:17:26.761: [INFO][Sync] Configuring for: Extensions, Extension settings, Device Info, User Consents, Send Tab To Self, Web Apps, Encryption Keys, reason: 3, current state: 0
2026-05-19 17:17:26.761: [WARN][Sync] Crypto error data types: 
2026-05-19 17:17:26.762: [INFO][Sync] Configure, desired: Extensions, Extension settings, Device Info, User Consents, Send Tab To Self, Web Apps, Encryption Keys; Allow fail: 
2026-05-19 17:17:26.762: [INFO][Sync] Loading: Extensions
2026-05-19 17:17:26.762: [INFO][Sync] Loading: Extension settings
2026-05-19 17:17:26.762: [INFO][Sync] Loading: Device Info
2026-05-19 17:17:26.762: [INFO][Sync] Loading: User Consents
2026-05-19 17:17:26.762: [INFO][Sync] Loading: Send Tab To Self
2026-05-19 17:17:26.762: [INFO][Sync] Loading: Web Apps
2026-05-19 17:17:26.763: [INFO][Sync] All data types are ready for configure.
2026-05-19 17:17:27.150: [INFO][Sync] Started DataTypeManager configuration, reason: 5
2026-05-19 17:17:27.150: [INFO][Sync] Configuring for: Extensions, Extension settings, Device Info, User Consents, Send Tab To Self, Web Apps, Encryption Keys, reason: 5, current state: 1
2026-05-19 17:17:27.151: [INFO][SyncEngineBackend::DoStartConfiguration] Start configuration
2026-05-19 17:17:27.151: [INFO][SyncManagerImpl::NudgeForInitialDownload] Initial download nudge for Extensions
2026-05-19 17:17:27.151: [INFO][SyncManagerImpl::NudgeForInitialDownload] Initial download nudge for Extension settings
2026-05-19 17:17:27.151: [INFO][SyncManagerImpl::NudgeForInitialDownload] Initial download nudge for Device Info
2026-05-19 17:17:27.151: [INFO][SyncManagerImpl::NudgeForInitialDownload] Initial download nudge for Send Tab To Self
2026-05-19 17:17:27.151: [INFO][SyncManagerImpl::NudgeForInitialDownload] Initial download nudge for Web Apps
2026-05-19 17:17:27.151: [INFO][SyncManagerImpl::ConfigureSyncer] Types to download:  with reason: 3
2026-05-19 17:17:27.151: [INFO][SyncEngineBackend::DoFinishConfigureDataTypes] Failed to download types:  and succeeded types: 
2026-05-19 17:17:27.151: [INFO][Sync] ConfigurationDone, failed: , succeeded: , remaining count: 2
2026-05-19 17:17:27.151: [WARN][Sync]     Reconfigure requested while configuration ongoing.
2026-05-19 17:17:27.151: [INFO][Sync] Configuring for: Extensions, Extension settings, Device Info, User Consents, Send Tab To Self, Web Apps, Encryption Keys, reason: 5, current state: 2
2026-05-19 17:17:27.151: [INFO][Sync] Configure, desired: Extensions, Extension settings, Device Info, User Consents, Send Tab To Self, Web Apps, Encryption Keys; Allow fail: 
2026-05-19 17:17:27.151: [INFO][Sync] All data types are ready for configure.
2026-05-19 17:17:27.151: [INFO][SyncManagerImpl::ConfigureSyncer] Types to download:  with reason: 5
2026-05-19 17:17:27.151: [INFO][SyncEngineBackend::DoFinishConfigureDataTypes] Failed to download types:  and succeeded types: 
2026-05-19 17:17:27.151: [INFO][Sync] ConfigurationDone, failed: , succeeded: , remaining count: 2
2026-05-19 17:17:27.151: [INFO][Sync] Prepare to configure types: Device Info, Send Tab To Self, Encryption Keys
2026-05-19 17:17:27.151: [INFO][SyncManagerImpl::ConfigureSyncer] Types to download: Device Info, Send Tab To Self, Encryption Keys with reason: 5
2026-05-19 17:17:27.151: [INFO][SyncSchedulerImpl::DoConfigurationSyncCycleJob] Blocked types:  and types to download: Device Info, Send Tab To Self, Encryption Keys
2026-05-19 17:17:27.740: [INFO][SyncEngineBackend::DoFinishConfigureDataTypes] Failed to download types:  and succeeded types: Device Info, Send Tab To Self, Encryption Keys
2026-05-19 17:17:27.741: [INFO][Sync] ConfigurationDone, failed: , succeeded: Device Info, Send Tab To Self, Encryption Keys, remaining count: 1
2026-05-19 17:17:27.741: [INFO][Sync] Prepare to configure types: Extensions, Extension settings, Web Apps, Encryption Keys
2026-05-19 17:17:27.741: [INFO][SyncManagerImpl::ConfigureSyncer] Types to download: Extensions, Extension settings, Web Apps, Encryption Keys with reason: 5
2026-05-19 17:17:27.741: [INFO][SyncSchedulerImpl::DoConfigurationSyncCycleJob] Blocked types:  and types to download: Extensions, Extension settings, Web Apps, Encryption Keys
2026-05-19 17:17:28.246: [INFO][SyncEngineBackend::DoFinishConfigureDataTypes] Failed to download types:  and succeeded types: Extensions, Extension settings, Web Apps, Encryption Keys
2026-05-19 17:17:28.247: [INFO][Sync] ConfigurationDone, failed: , succeeded: Extensions, Extension settings, Web Apps, Encryption Keys, remaining count: 0
2026-05-19 17:17:28.247: [INFO][Sync]     Configuration completed, state: 7
2026-05-19 17:17:28.247: [INFO][Sync] Configured DataTypeManager: Ok
2026-05-19 17:17:28.248: [INFO][SyncEngineBackend::DoStartSyncing] Start syncing
2026-05-19 17:17:44.121: [INFO][Sync] SyncState after authenticated was: FeatureNotSetup
2026-05-19 17:17:44.176: [INFO][Sync] Try to start sync engine
2026-05-19 17:17:44.178: [INFO][SyncManagerImpl::NudgeForInitialDownload] Initial download nudge for Encryption Keys
2026-05-19 17:17:44.178: [INFO][SyncEngineBackend::LoadAndConnectNigoriController] Load and connect Nigori controller
2026-05-19 17:17:44.178: [INFO][SyncEngineBackend::DoInitialize] Control Types added: Encryption Keys
2026-05-19 17:17:44.178: [INFO][SyncManagerImpl::ConfigureSyncer] Types to download: Encryption Keys with reason: 3
2026-05-19 17:17:44.178: [INFO][SyncSchedulerImpl::DoConfigurationSyncCycleJob] Configure job was blocked
2026-05-19 17:17:44.259: [INFO][SyncAuthManager::SetLastAuthError] Current auth error: None
2026-05-19 17:17:44.259: [INFO][SyncAuthManager::EdgeLogTokenErrorState] Token error with: None for account type: MSA
2026-05-19 17:17:44.259: [INFO][Sync] Credentials changed for: EdgeSyncScopeNew
2026-05-19 17:17:44.271: [INFO][SyncAuthManager::SetLastAuthError] Current auth error: None
2026-05-19 17:17:44.271: [INFO][SyncAuthManager::EdgeLogTokenErrorState] Token error with: None for account type: MSA
2026-05-19 17:17:44.271: [INFO][Sync] Credentials changed for: EdgeSyncKeyDataScope
2026-05-19 17:17:44.271: [INFO][SyncEngineBackend::DoUpdateKeyDataCredentials] Update key data credentials
2026-05-19 17:17:44.271: [INFO][SyncEngineBackend::DoUpdateCredentials] Update credentials
2026-05-19 17:17:44.271: [INFO][SyncSchedulerImpl::DoConfigurationSyncCycleJob] Blocked types:  and types to download: Encryption Keys
2026-05-19 17:17:44.636: [INFO][Sync] Started DataTypeManager configuration, reason: 4
2026-05-19 17:17:44.636: [INFO][Sync] Configuring for: Extensions, Extension settings, Device Info, User Consents, Send Tab To Self, Web Apps, Encryption Keys, reason: 3, current state: 0
2026-05-19 17:17:44.636: [WARN][Sync] Crypto error data types: 
2026-05-19 17:17:44.636: [INFO][Sync] Configure, desired: Extensions, Extension settings, Device Info, User Consents, Send Tab To Self, Web Apps, Encryption Keys; Allow fail: 
2026-05-19 17:17:44.636: [INFO][Sync] Loading: Extensions
2026-05-19 17:17:44.636: [INFO][Sync] Loading: Extension settings
2026-05-19 17:17:44.636: [INFO][Sync] Loading: Device Info
2026-05-19 17:17:44.636: [INFO][Sync] Loading: User Consents
2026-05-19 17:17:44.636: [INFO][Sync] Loading: Send Tab To Self
2026-05-19 17:17:44.637: [INFO][Sync] Loading: Web Apps
2026-05-19 17:17:44.637: [INFO][Sync] All data types are ready for configure.
2026-05-19 17:17:45.071: [INFO][SyncEngineBackend::DoStartConfiguration] Start configuration
2026-05-19 17:17:45.071: [INFO][SyncManagerImpl::NudgeForInitialDownload] Initial download nudge for Extensions
2026-05-19 17:17:45.071: [INFO][SyncManagerImpl::NudgeForInitialDownload] Initial download nudge for Extension settings
2026-05-19 17:17:45.071: [INFO][SyncManagerImpl::NudgeForInitialDownload] Initial download nudge for Device Info
2026-05-19 17:17:45.071: [INFO][SyncManagerImpl::NudgeForInitialDownload] Initial download nudge for Send Tab To Self
2026-05-19 17:17:45.071: [INFO][SyncManagerImpl::NudgeForInitialDownload] Initial download nudge for Web Apps
2026-05-19 17:17:45.071: [INFO][SyncManagerImpl::ConfigureSyncer] Types to download:  with reason: 3
2026-05-19 17:17:45.071: [INFO][SyncEngineBackend::DoFinishConfigureDataTypes] Failed to download types:  and succeeded types: 
2026-05-19 17:17:45.071: [INFO][Sync] Started DataTypeManager configuration, reason: 5
2026-05-19 17:17:45.071: [INFO][Sync] Configuring for: Extensions, Extension settings, Device Info, User Consents, Send Tab To Self, Web Apps, Encryption Keys, reason: 5, current state: 1
2026-05-19 17:17:45.072: [INFO][Sync] ConfigurationDone, failed: , succeeded: , remaining count: 2
2026-05-19 17:17:45.072: [WARN][Sync]     Reconfigure requested while configuration ongoing.
2026-05-19 17:17:45.072: [INFO][Sync] Configuring for: Extensions, Extension settings, Device Info, User Consents, Send Tab To Self, Web Apps, Encryption Keys, reason: 5, current state: 2
2026-05-19 17:17:45.072: [INFO][Sync] Configure, desired: Extensions, Extension settings, Device Info, User Consents, Send Tab To Self, Web Apps, Encryption Keys; Allow fail: 
2026-05-19 17:17:45.072: [INFO][Sync] All data types are ready for configure.
2026-05-19 17:17:45.072: [INFO][SyncManagerImpl::ConfigureSyncer] Types to download:  with reason: 5
2026-05-19 17:17:45.072: [INFO][SyncEngineBackend::DoFinishConfigureDataTypes] Failed to download types:  and succeeded types: 
2026-05-19 17:17:45.072: [INFO][Sync] ConfigurationDone, failed: , succeeded: , remaining count: 2
2026-05-19 17:17:45.072: [INFO][Sync] Prepare to configure types: Device Info, Send Tab To Self, Encryption Keys
2026-05-19 17:17:45.072: [INFO][SyncManagerImpl::ConfigureSyncer] Types to download: Device Info, Send Tab To Self, Encryption Keys with reason: 5
2026-05-19 17:17:45.072: [INFO][SyncSchedulerImpl::DoConfigurationSyncCycleJob] Blocked types:  and types to download: Device Info, Send Tab To Self, Encryption Keys
2026-05-19 17:17:45.773: [INFO][SyncEngineBackend::DoFinishConfigureDataTypes] Failed to download types:  and succeeded types: Device Info, Send Tab To Self, Encryption Keys
2026-05-19 17:17:45.773: [INFO][Sync] ConfigurationDone, failed: , succeeded: Device Info, Send Tab To Self, Encryption Keys, remaining count: 1
2026-05-19 17:17:45.773: [INFO][Sync] Prepare to configure types: Extensions, Extension settings, Web Apps, Encryption Keys
2026-05-19 17:17:45.773: [INFO][SyncManagerImpl::ConfigureSyncer] Types to download: Extensions, Extension settings, Web Apps, Encryption Keys with reason: 5
2026-05-19 17:17:45.774: [INFO][SyncSchedulerImpl::DoConfigurationSyncCycleJob] Blocked types:  and types to download: Extensions, Extension settings, Web Apps, Encryption Keys
2026-05-19 17:17:46.276: [INFO][SyncEngineBackend::DoFinishConfigureDataTypes] Failed to download types:  and succeeded types: Extensions, Extension settings, Web Apps, Encryption Keys
2026-05-19 17:17:46.277: [INFO][Sync] ConfigurationDone, failed: , succeeded: Extensions, Extension settings, Web Apps, Encryption Keys, remaining count: 0
2026-05-19 17:17:46.277: [INFO][Sync]     Configuration completed, state: 7
2026-05-19 17:17:46.277: [INFO][Sync] Configured DataTypeManager: Ok
2026-05-19 17:17:46.278: [INFO][SyncEngineBackend::DoStartSyncing] Start syncing
